// Jest Snapshot v1, https://goo.gl/fbAQLP

exports[`renders 1`] = `
<ContextNavBar
  height={72}
  id="context-navigation"
>
  <Connect(ComponentNavHeader)
    branchLikes={Array []}
    component={
      Object {
        "breadcrumbs": Array [
          Object {
            "key": "component",
            "name": "component",
            "qualifier": "TRK",
          },
        ],
        "key": "component",
        "name": "component",
        "organization": "org",
        "qualifier": "TRK",
      }
    }
    location={Object {}}
  />
  <Connect(ComponentNavMeta)
    component={
      Object {
        "breadcrumbs": Array [
          Object {
            "key": "component",
            "name": "component",
            "qualifier": "TRK",
          },
        ],
        "key": "component",
        "name": "component",
        "organization": "org",
        "qualifier": "TRK",
      }
    }
  />
  <ComponentNavMenu
    component={
      Object {
        "breadcrumbs": Array [
          Object {
            "key": "component",
            "name": "component",
            "qualifier": "TRK",
          },
        ],
        "key": "component",
        "name": "component",
        "organization": "org",
        "qualifier": "TRK",
      }
    }
    location={Object {}}
  />
</ContextNavBar>
`;
