// Jest Snapshot v1, https://goo.gl/fbAQLP

exports[`renders 1`] = `
<div>
  <BubbleChart
    displayXGrid={true}
    displayXTicks={true}
    displayYGrid={true}
    displayYTicks={true}
    formatXTick={[Function]}
    formatYTick={[Function]}
    height={600}
    items={
      Array [
        Object {
          "color": undefined,
          "key": "foo",
          "link": Object {
            "pathname": "/dashboard",
            "query": Object {
              "id": "foo",
            },
          },
          "size": 1734,
          "tooltip": "<div class=\\"text-left\\"><div class=\\"little-spacer-bottom\\"><strong>Foo</strong></div><div>metric.reliability_rating.name: –</div><div>metric.security_rating.name: –</div><div>metric.coverage.name: 53.5%</div><div>metric.sqale_index.name: –</div><div>metric.ncloc.name: 1.7short_number_suffix.k</div></div>",
          "x": 0,
          "y": 53.5,
        },
      ]
    }
    padding={
      Array [
        80,
        20,
        60,
        100,
      ]
    }
    sizeRange={
      Array [
        5,
        45,
      ]
    }
    yDomain={
      Array [
        100,
        0,
      ]
    }
  />
  <div
    className="measure-details-bubble-chart-axis x"
  >
    metric.sqale_index.name
  </div>
  <div
    className="measure-details-bubble-chart-axis y"
  >
    metric.coverage.name
  </div>
  <div
    className="measure-details-bubble-chart-axis size"
  >
    <span
      className="spacer-right"
    >
      component_measures.legend.color_x.projects.worse_of_reliablity_and_security
    </span>
    component_measures.legend.size_x.metric.ncloc.name
    <ColorRatingsLegend
      className="big-spacer-top"
    />
  </div>
</div>
`;
