// Jest Snapshot v1, https://goo.gl/fbAQLP

exports[`render line 0 1`] = `
<td
  className="source-meta source-line-number"
/>
`;

exports[`render line 3 1`] = `
<td
  className="source-meta source-line-number"
  data-line-number={3}
  onClick={[Function]}
  role="button"
  tabIndex={0}
>
  <BubblePopupHelper
    isOpen={false}
    popup={
      <LineOptionsPopup
        branchLike={undefined}
        componentKey="foo"
        line={
          Object {
            "line": 3,
          }
        }
      />
    }
    position="bottomright"
    togglePopup={[Function]}
  />
</td>
`;
